// Jest Snapshot v1, https://goo.gl/fbAQLP

exports[`must render CreateLinkMainPage 1`] = `
.c0 {
  display: grid;
  min-height: 100vh;
  max-height: 100vh;
  grid-template-rows: auto 1fr auto;
  grid-template-areas: 'header' '.' 'footer';
}

.c1 {
  grid-area: header;
}

.c3 {
  display: inherit;
  max-width: 50rem;
  width: 100%;
  padding: 1rem;
}

.c5 {
  position: relative;
  display: block;
  width: calc((1.4rem * 2) + 8px);
  height: calc(1.4rem + 8px);
}

.c8 {
  position: absolute;
  top: 0;
  right: 0;
  bottom: 0;
  left: 0;
  background-color: #64B5F6;
  border-radius: 1.4rem;
  cursor: pointer;
  -webkit-transition: 0.4s;
  transition: 0.4s;
}

.c8:before {
  content: "☀️";
  display: -webkit-box;
  display: -webkit-flex;
  display: -ms-flexbox;
  display: flex;
  -webkit-box-pack: center;
  -webkit-justify-content: center;
  -ms-flex-pack: center;
  justify-content: center;
  -webkit-align-items: center;
  -webkit-box-align: center;
  -ms-flex-align: center;
  align-items: center;
  position: absolute;
  top: 4px;
  left: 4px;
  width: 1.4rem;
  height: 1.4rem;
  font-size: 0.7rem;
  line-height: 0px;
  background-color: white;
  border-radius: 50%;
  -webkit-transition: 0.4s;
  transition: 0.4s;
}

.c6 {
  opacity: 0;
  width: 0;
  height: 0;
}

.c6:checked + .c7::before {
  content: '🌙';
  -webkit-transform: translateX(1.4rem);
  -ms-transform: translateX(1.4rem);
  transform: translateX(1.4rem);
}

.c4 {
  display: -webkit-box;
  display: -webkit-flex;
  display: -ms-flexbox;
  display: flex;
}

.c2 {
  display: -webkit-box;
  display: -webkit-flex;
  display: -ms-flexbox;
  display: flex;
  -webkit-box-pack: center;
  -webkit-justify-content: center;
  -ms-flex-pack: center;
  justify-content: center;
  -webkit-align-items: center;
  -webkit-box-align: center;
  -ms-flex-align: center;
  align-items: center;
  height: 5rem;
}

.c2 > div.container {
  -webkit-box-pack: justify;
  -webkit-justify-content: space-between;
  -ms-flex-pack: justify;
  justify-content: space-between;
  -webkit-align-items: center;
  -webkit-box-align: center;
  -ms-flex-align: center;
  align-items: center;
}

.c9 {
  display: -webkit-box;
  display: -webkit-flex;
  display: -ms-flexbox;
  display: flex;
  -webkit-box-pack: center;
  -webkit-justify-content: center;
  -ms-flex-pack: center;
  justify-content: center;
}

<div
  className="c0"
>
  <header
    className="c1"
  >
    <div
      className="c2"
    >
      <div
        className="container c3"
      >
        <a
          className=""
          href="/"
          onClick={[Function]}
        >
          Shortcut Link
        </a>
        <div
          className="c4"
        >
          <label
            className="c5"
          >
            <input
              className="c6"
              defaultChecked={false}
              onClick={[Function]}
              type="checkbox"
            />
            <span
              className="slider c7 c8"
            />
          </label>
        </div>
      </div>
    </div>
  </header>
  <div
    className="c9"
  >
    <div
      className="c3"
    />
  </div>
</div>
`;
